*** Using Compiler 'V6.19', folder: 'D:\kei15\ARM\ARMCLANG\Bin'
Rebuild target 'fdcan_h730'
assembling startup_stm32h730xx.s...
compiling motor_config.c...
compiling led.c...
compiling motor_many.c...
compiling livelybot_fdcan.c...
compiling gpio.c...
compiling stm32h7xx_hal_msp.c...
compiling my_fdcan.c...
compiling stm32h7xx_it.c...
compiling fdcan.c...
compiling main.c...
compiling motor_control.c...
compiling usart.c...
compiling motor.c...
compiling convert.c...
compiling stm32h7xx_hal_cortex.c...
compiling stm32h7xx_hal_hsem.c...
compiling stm32h7xx_hal_flash.c...
compiling stm32h7xx_hal_rcc.c...
compiling stm32h7xx_hal_flash_ex.c...
compiling stm32h7xx_hal_gpio.c...
compiling stm32h7xx_hal_pwr_ex.c...
compiling stm32h7xx_hal_pwr.c...
compiling stm32h7xx_hal.c...
compiling stm32h7xx_hal_mdma.c...
compiling stm32h7xx_hal_rcc_ex.c...
compiling stm32h7xx_hal_dma_ex.c...
compiling stm32h7xx_hal_fdcan.c...
compiling stm32h7xx_hal_dma.c...
compiling stm32h7xx_hal_i2c.c...
compiling stm32h7xx_hal_i2c_ex.c...
compiling stm32h7xx_hal_exti.c...
compiling system_stm32h7xx.c...
compiling stm32h7xx_hal_tim_ex.c...
compiling stm32h7xx_hal_tim.c...
compiling test_motor.c...
compiling stm32h7xx_hal_uart_ex.c...
compiling test_motor_many.c...
compiling stm32h7xx_hal_uart.c...
linking...
Program Size: Code=32148 RO-data=1208 RW-data=224 ZI-data=1808  
FromELF: creating hex file...
"fdcan_h730\fdcan_h730.axf" - 0 Error(s), 0 Warning(s).
Build Time Elapsed:  00:00:05
